#separator \x09
#set_separator	,
#empty_field	(empty)
#unset_field	-
#path	stats
#open	2018-04-03-20-53-01
#fields	ts	peer	mem	pkts_proc	bytes_recv	pkts_dropped	pkts_link	pkt_lag	events_proc	events_queued	active_tcp_conns	active_udp_conns	active_icmp_conns	tcp_conns	udp_conns	icmp_conns	timers	active_timers	files	active_files	dns_requests	active_dns_requests	reassem_tcp_size	reassem_file_size	reassem_frag_size	reassem_unknown_size
#types	time	string	count	count	count	count	count	interval	count	count	count	count	count	count	count	count	count	count	count	count	count	count	count	count	count	count
172808.829565	bro	64	215	25480	-	-	-	428	427	0	0	44	4	0	142	698	76	2	0	0	1	0	0	0	0
173111.546306	bro	64	198	28994	-	-	-	362	370	0	0	34	2	2	99	628	67	2	0	0	1	0	0	0	0
173412.827519	bro	64	247	27769	-	-	-	410	400	1	2	49	1	2	127	665	85	2	0	0	1	0	0	0	0
173714.642439	bro	64	169	12240	-	-	-	374	375	0	0	4	3	2	105	622	36	0	0	0	1	0	0	0	0
174016.646679	bro	64	248	34734	-	-	-	456	455	0	0	44	5	0	141	677	77	3	0	0	1	0	0	0	0
174337.787947	bro	64	184	28534	-	-	-	390	396	1	0	2	2	0	98	574	36	3	0	0	1	0	0	0	0
174639.225991	bro	64	211	15894	-	-	-	406	400	0	0	51	3	2	145	694	83	0	0	0	1	0	0	0	0
174940.745431	bro	64	134	10220	-	-	-	340	339	0	0	4	0	0	101	566	37	0	0	0	1	0	0	0	0
175241.111119	bro	64	255	36186	-	-	-	439	443	0	1	40	5	1	135	646	73	3	0	0	1	0	0	0	0
175543.801912	bro	64	662	63129	-	-	-	313	326	0	0	9	1	0	99	806	37	1	0	0	1	0	0	0	0
175851.438038	bro	64	152	19361	-	-	-	351	336	1	0	5	1	0	100	624	40	2	0	0	1	0	0	0	0
176159.497115	bro	64	219	26074	-	-	-	449	450	0	0	43	4	2	144	675	77	2	0	0	1	0	0	0	0
176459.716759	bro	64	148	10974	-	-	-	342	342	0	0	5	3	0	101	601	36	0	0	0	1	0	0	0	0
176763.295708	bro	64	235	32445	-	-	-	442	441	0	0	43	2	2	138	622	76	2	0	0	1	0	0	0	0
177074.797828	bro	64	157	19683	-	-	-	371	371	0	0	4	1	0	100	592	37	2	0	0	1	0	0	0	0
177380.733148	bro	64	214	25846	-	-	-	451	451	0	0	42	4	2	144	602	75	2	0	0	1	0	0	0	0
177691.866056	bro	64	175	19846	-	-	-	369	368	0	0	4	4	0	100	560	38	1	0	0	1	0	0	0	0
177991.946658	bro	64	216	31618	-	-	-	424	429	1	0	39	2	0	135	659	72	3	0	0	1	0	0	0	0
178292.339686	bro	64	160	12080	-	-	-	332	326	0	0	50	3	2	107	638	83	0	0	0	1	0	0	0	0
178605.599322	bro	64	162	20353	-	-	-	375	379	0	0	4	1	0	100	591	35	2	0	0	1	0	0	0	0
178910.045842	bro	64	227	23946	-	-	-	412	411	0	0	45	4	0	141	672	76	1	0	0	1	0	0	0	0
179210.307509	bro	64	186	29240	-	-	-	394	396	0	0	3	2	0	97	597	31	3	0	0	1	0	0	0	0
179515.658039	bro	64	203	24834	-	-	-	409	410	0	0	45	1	0	140	633	75	2	0	0	1	0	0	0	0
179817.776906	bro	64	186	20534	-	-	-	381	377	0	0	4	4	0	103	637	36	1	0	0	1	0	0	0	0
180117.783517	bro	64	196	30190	-	-	-	386	386	0	0	8	2	2	104	634	39	3	0	0	1	0	0	0	0
180421.840136	bro	64	200	24350	-	-	-	400	400	0	0	44	1	0	134	675	75	2	0	0	1	0	0	0	0
180723.380122	bro	64	179	20108	-	-	-	372	370	0	0	4	4	0	100	537	38	1	0	0	1	0	0	0	0
181025.598486	bro	64	230	32182	-	-	-	431	435	1	0	42	2	0	137	589	75	3	0	0	1	0	0	0	0
181329.470885	bro	64	164	12204	-	-	-	362	361	0	0	11	3	2	106	654	41	0	0	0	1	0	0	0	0
181629.689316	bro	64	195	24034	-	-	-	402	403	0	0	38	1	0	132	579	71	2	0	0	1	0	0	0	0
181933.129345	bro	64	191	20806	-	-	-	343	349	0	0	35	4	0	104	611	67	1	0	0	1	0	0	0	0
182242.774858	bro	64	189	29032	-	-	-	396	391	1	0	5	2	0	102	654	37	3	0	0	1	0	0	0	0
182558.257565	bro	64	209	15698	-	-	-	409	411	0	0	44	3	2	145	743	73	0	0	0	1	0	0	0	0
182861.607285	bro	64	177	21992	-	-	-	385	382	0	0	5	4	0	99	582	34	2	0	0	1	0	0	0	0
183166.843237	bro	64	233	31817	-	-	-	423	423	0	0	43	2	0	138	614	74	2	0	0	1	0	0	0	0
183491.389327	bro	64	171	20159	-	-	-	367	372	1	0	2	1	0	100	638	32	2	0	0	1	0	0	0	0
183800.911342	bro	64	197	14892	-	-	-	405	399	0	0	44	3	2	141	701	76	0	0	0	1	0	0	0	0
184113.322983	bro	64	179	20536	-	-	-	384	384	0	0	4	4	0	100	606	36	2	0	0	1	0	0	0	0
184415.017562	bro	64	237	32167	-	-	-	428	427	0	0	44	2	0	140	641	76	2	0	0	1	0	0	0	0
184717.152123	bro	64	185	30195	-	-	-	407	409	0	0	2	2	0	96	573	35	4	0	0	1	0	0	0	0
185017.316511	bro	64	217	23270	-	-	-	395	396	1	0	41	4	0	136	664	74	1	0	0	1	0	0	0	0
185328.905427	bro	64	199	29576	-	-	-	370	410	1	0	4	2	0	104	606	36	3	0	0	1	0	0	0	0
185634.008950	bro	64	170	12456	-	-	-	362	322	0	0	11	3	2	106	629	39	0	0	0	1	0	0	0	0
185936.645450	bro	64	208	23522	-	-	-	428	424	0	0	44	1	0	141	616	78	2	0	0	1	0	0	0	0
186237.565316	bro	64	184	20778	-	-	-	369	371	0	0	5	4	0	101	631	37	1	0	0	1	0	0	0	0
186542.400357	bro	64	226	32082	-	-	-	434	433	1	0	41	2	0	136	620	78	3	0	0	1	0	0	0	0
186844.794638	bro	64	165	12090	-	-	-	366	366	0	0	4	3	2	105	647	35	0	0	0	1	0	0	0	0
187144.815511	bro	64	183	22870	-	-	-	367	368	0	0	22	1	0	117	589	56	2	0	0	1	0	0	0	0
187445.795410	bro	64	192	21750	-	-	-	389	391	0	0	43	4	2	122	652	72	1	0	0	1	0	0	0	0
187761.477629	bro	64	182	28538	-	-	-	401	398	1	0	4	2	0	100	641	39	3	0	0	1	0	0	0	0
188072.688657	bro	64	200	15476	-	-	-	410	412	0	0	44	3	2	146	663	75	0	0	0	1	0	0	0	0
188378.856789	bro	64	156	20900	-	-	-	367	367	0	0	5	1	0	98	613	34	2	0	0	1	0	0	0	0
188679.911319	bro	64	213	23270	-	-	-	411	411	0	0	42	4	0	139	598	73	1	0	0	1	0	0	0	0
189007.298444	bro	64	191	29738	-	-	-	397	400	0	0	4	2	0	101	650	33	3	0	0	1	0	0	0	0
189319.293731	bro	64	196	24490	-	-	-	419	415	0	0	44	1	0	141	709	78	2	0	0	1	0	0	0	0
189622.074226	bro	64	176	19826	-	-	-	368	368	0	0	4	4	0	99	628	35	1	0	0	1	0	0	0	0
189922.238557	bro	64	285	38130	-	-	-	447	447	1	1	50	2	1	145	655	85	3	0	0	1	0	0	0	0
190241.492072	bro	64	417	35182	-	-	-	498	498	0	0	5	3	9	136	844	36	0	0	0	1	0	0	0	0
190546.162936	bro	64	374	40468	-	-	-	387	386	0	0	2	1	3	116	720	34	2	0	0	1	0	0	0	0
190852.937490	bro	64	280	35861	-	-	-	375	374	0	0	6	5	1	108	661	40	2	0	0	1	0	0	0	0
191156.634222	bro	64	205	23866	-	-	-	419	421	0	0	43	1	2	136	656	73	2	0	0	1	0	0	0	0
191459.535175	bro	64	158	19783	-	-	-	363	361	0	0	1	1	0	93	592	36	2	0	0	1	0	0	0	0
191762.103657	bro	64	212	29655	-	-	-	349	355	0	0	8	5	0	103	659	37	2	0	0	1	0	0	0	0
192064.285538	bro	64	200	22917	-	-	-	407	401	1	0	43	1	0	135	724	77	2	0	0	1	0	0	0	0
192366.777756	bro	64	156	11492	-	-	-	355	358	0	0	2	3	2	100	654	31	0	0	0	1	0	0	0	0
192666.885910	bro	64	214	25374	-	-	-	413	414	0	0	45	4	0	138	620	74	2	0	0	1	0	0	0	0
192967.304494	bro	64	185	28023	-	-	-	386	381	1	0	3	2	0	98	602	39	2	0	0	1	0	0	0	0
193268.386585	bro	64	236	26151	-	-	-	342	343	1	0	3	1	1	103	698	38	2	0	0	1	0	0	0	0
193570.351027	bro	64	202	15322	-	-	-	396	398	0	0	42	3	2	141	725	72	0	0	0	1	0	0	0	0
193884.486820	bro	64	172	20240	-	-	-	376	376	0	0	3	4	0	97	581	35	2	0	0	1	0	0	0	0
194185.729241	bro	64	236	32037	-	-	-	414	416	0	0	45	2	0	138	586	74	2	0	0	1	0	0	0	0
194490.597732	bro	64	162	19755	-	-	-	373	368	1	0	5	1	0	99	610	40	2	0	0	1	0	0	0	0
194790.808751	bro	64	168	12684	-	-	-	352	355	0	0	16	3	4	111	677	48	0	0	0	1	0	0	0	0
195092.044573	bro	64	247	28648	-	-	-	424	422	1	0	3	4	2	121	639	37	2	0	0	1	0	0	0	0
195399.470355	bro	64	209	22866	-	-	-	388	392	0	0	42	1	0	137	653	71	1	0	0	1	0	0	0	0
195699.741097	bro	64	192	29636	-	-	-	391	392	0	0	4	2	0	98	622	32	3	0	0	1	0	0	0	0
195999.820551	bro	64	197	22664	-	-	-	401	395	1	0	41	1	0	132	643	76	2	0	0	1	0	0	0	0
196311.018168	bro	64	167	12068	-	-	-	353	360	0	0	4	3	2	103	664	36	0	0	0	1	0	0	0	0
196611.153152	bro	64	189	20854	-	-	-	344	342	0	0	10	4	0	107	611	40	1	0	0	1	0	0	0	0
196916.462108	bro	64	215	31312	-	-	-	420	416	1	0	41	2	0	129	666	76	3	0	0	1	0	0	0	0
197241.071490	bro	64	664	55748	-	-	-	406	409	0	0	41	3	3	138	877	72	0	0	0	1	0	0	0	0
197563.391478	bro	64	177	21992	-	-	-	374	378	0	0	3	4	0	99	627	32	2	0	0	1	0	0	0	0
197874.277998	bro	64	239	32181	-	-	-	419	418	0	0	43	2	0	138	636	72	2	0	0	1	0	0	0	0
198175.224807	bro	64	163	19845	-	-	-	389	382	1	0	4	1	2	98	578	39	2	0	0	1	0	0	0	0
198480.387069	bro	64	198	15172	-	-	-	399	399	0	0	42	3	2	141	718	75	0	0	0	1	0	0	0	0
198780.651902	bro	64	180	21256	-	-	-	373	377	0	0	4	4	0	98	651	34	2	0	0	1	0	0	0	0
199081.181010	bro	64	216	30355	-	-	-	389	388	0	0	28	2	0	121	648	60	2	0	0	1	0	0	0	0
199388.940394	bro	64	171	20617	-	-	-	346	364	0	0	27	1	0	110	673	56	2	0	0	1	0	0	0	0
199689.442465	bro	64	168	12266	-	-	-	362	346	0	0	4	3	2	104	628	32	0	0	0	1	0	0	0	0
199990.621451	bro	64	212	24293	-	-	-	417	417	0	0	43	4	0	136	693	72	2	0	0	1	0	0	0	0
200293.363617	bro	64	196	28641	-	-	-	380	379	0	0	4	2	0	99	647	35	2	0	0	1	0	0	0	0
200596.526878	bro	64	193	22597	-	-	-	401	400	1	0	42	1	0	134	601	76	2	0	0	1	0	0	0	0
200902.787034	bro	64	168	12266	-	-	-	348	362	0	0	4	3	2	104	657	33	0	0	0	1	0	0	0	0
201203.936474	bro	64	170	21410	-	-	-	348	334	0	0	2	4	0	95	579	33	2	0	0	1	0	0	0	0
201524.968049	bro	64	238	32157	-	-	-	420	447	0	0	14	2	0	138	663	46	2	0	0	1	0	0	0	0
201828.226957	bro	64	159	19565	-	-	-	377	352	1	0	4	1	2	98	542	34	2	0	0	1	0	0	0	0
202129.681172	bro	64	197	15184	-	-	-	408	405	0	0	41	3	2	141	672	72	0	0	0	1	0	0	0	0
202449.056686	bro	64	149	19090	-	-	-	362	360	1	0	4	1	0	97	590	39	2	0	0	1	0	0	0	0
202767.665440	bro	64	198	14814	-	-	-	377	385	0	0	43	6	0	137	641	70	0	0	0	1	0	0	0	0
203088.393272	bro	64	190	28233	-	-	-	381	379	0	0	3	2	0	98	601	34	2	0	0	1	0	0	0	0
203388.500863	bro	64	191	22557	-	-	-	403	399	1	0	43	1	0	135	605	77	2	0	0	1	0	0	0	0
203691.034610	bro	64	177	16177	-	-	-	433	431	0	0	3	3	5	103	611	36	0	0	0	1	0	0	0	0
203997.367262	bro	64	205	24946	-	-	-	421	423	0	0	41	4	0	139	668	72	2	0	0	1	0	0	0	0
204309.344989	bro	64	189	28347	-	-	-	376	378	0	0	5	2	0	99	622	35	2	0	0	1	0	0	0	0
204610.545464	bro	64	191	22513	-	-	-	399	399	1	0	42	1	0	134	605	74	2	0	0	1	0	0	0	0
204921.784750	bro	64	160	11774	-	-	-	354	360	0	0	4	3	2	103	633	37	0	0	0	1	0	0	0	0
205221.806348	bro	64	171	21828	-	-	-	349	345	0	0	7	4	0	101	604	36	2	0	0	1	0	0	0	0
205530.686516	bro	64	230	31737	-	-	-	431	431	0	0	40	2	2	134	614	69	2	0	0	1	0	0	0	0
205835.428990	bro	64	159	19523	-	-	-	364	359	1	0	5	1	0	97	621	39	2	0	0	1	0	0	0	0
206137.583504	bro	64	225	26238	-	-	-	443	446	0	0	43	4	2	142	674	74	2	0	0	1	0	0	0	0
206448.707805	bro	64	179	19882	-	-	-	358	359	0	0	4	4	0	97	674	34	1	0	0	1	0	0	0	0
206750.437538	bro	64	211	23041	-	-	-	389	388	0	0	43	1	0	136	631	72	1	0	0	1	0	0	0	0
207051.116871	bro	64	155	19179	-	-	-	358	359	0	0	1	1	0	93	566	30	2	0	0	1	0	0	0	0
207353.285468	bro	64	184	22802	-	-	-	365	364	0	0	7	4	2	106	639	40	2	0	0	1	0	0	0	0
207686.048277	bro	64	223	23646	-	-	-	403	446	0	0	4	4	0	138	690	33	1	0	0	1	0	0	0	0
207986.240548	bro	64	213	31008	-	-	-	449	407	1	0	31	2	0	124	607	65	3	0	0	1	0	0	0	0
208301.050650	bro	64	178	13144	-	-	-	338	377	0	0	8	3	2	114	639	40	0	0	0	1	0	0	0	0
208607.664525	bro	64	162	20952	-	-	-	364	327	0	0	5	1	0	96	658	35	2	0	0	1	0	0	0	0
208912.329972	bro	64	221	23628	-	-	-	420	420	0	0	43	4	2	137	721	72	1	0	0	1	0	0	0	0
209215.033687	bro	64	186	28574	-	-	-	395	388	1	0	4	2	0	97	662	39	3	0	0	1	0	0	0	0
209515.198272	bro	64	202	15340	-	-	-	397	401	0	0	42	3	2	141	703	71	0	0	0	1	0	0	0	0
209818.090560	bro	64	172	21738	-	-	-	379	377	0	0	4	4	0	98	609	37	2	0	0	1	0	0	0	0
210118.153250	bro	64	214	30581	-	-	-	376	379	0	0	26	2	0	119	567	57	2	0	0	1	0	0	0	0
210418.789088	bro	64	181	21257	-	-	-	363	361	1	0	43	1	0	115	672	75	2	0	0	1	0	0	0	0
210718.911103	bro	64	158	11602	-	-	-	356	358	0	0	3	3	2	101	662	31	0	0	0	1	0	0	0	0
211058.718762	bro	64	216	25408	-	-	-	422	455	0	0	8	4	0	139	720	39	2	0	0	1	0	0	0	0
211367.299333	bro	64	190	28433	-	-	-	377	346	0	0	7	2	0	100	622	36	2	0	0	1	0	0	0	0
211668.503552	bro	64	355	37137	-	-	-	430	432	1	1	27	1	2	140	776	61	2	0	0	1	0	0	0	0
211981.405705	bro	64	370	31590	-	-	-	444	441	0	0	1	3	6	132	721	29	0	0	0	1	0	0	0	0
212281.483061	bro	64	595	66056	-	-	-	541	538	1	0	5	5	11	128	800	38	3	0	0	1	0	0	0	0
212585.433574	bro	64	260	35474	-	-	-	396	394	1	0	3	2	3	105	633	39	3	0	0	1	0	0	0	0
212889.450424	bro	64	198	15392	-	-	-	403	403	0	0	51	3	2	146	721	84	0	0	0	1	0	0	0	0
213190.104328	bro	64	151	20602	-	-	-	345	348	0	0	29	1	0	96	589	62	2	0	0	1	0	0	0	0
213493.655786	bro	64	167	19578	-	-	-	355	354	0	0	2	4	0	99	628	33	1	0	0	1	0	0	0	0
213796.454771	bro	64	225	32234	-	-	-	438	436	1	0	45	2	0	140	600	81	3	0	0	1	0	0	0	0
214096.712205	bro	64	155	11652	-	-	-	360	362	0	0	11	3	2	105	649	41	0	0	0	1	0	0	0	0
214399.288016	bro	64	191	24104	-	-	-	418	416	0	0	43	1	0	137	707	78	2	0	0	1	0	0	0	0
214710.188850	bro	64	287	36157	-	-	-	387	401	0	1	21	5	1	109	658	51	2	0	0	1	0	0	0	0
215010.657552	bro	64	159	19611	-	-	-	363	348	1	0	4	1	0	99	589	39	2	0	0	1	0	0	0	0
215312.354474	bro	64	192	14440	-	-	-	378	379	0	0	42	3	0	138	647	75	0	0	0	1	0	0	0	0
215613.714836	bro	64	166	20433	-	-	-	365	367	0	0	4	1	0	98	590	34	2	0	0	1	0	0	0	0
215921.016224	bro	64	251	33071	-	-	-	442	442	0	0	44	5	0	143	703	76	2	0	0	1	0	0	0	0
216221.182239	bro	64	164	19975	-	-	-	389	389	1	0	4	1	2	100	663	36	2	0	0	1	0	0	0	0
216524.831420	bro	64	165	12140	-	-	-	324	325	0	0	5	3	2	104	668	36	0	0	0	1	0	0	0	0
216830.543750	bro	64	262	30156	-	-	-	453	455	0	0	2	4	2	135	642	31	2	0	0	1	0	0	0	0
217131.817477	bro	64	240	32293	-	-	-	425	424	0	0	44	2	0	140	712	73	2	0	0	1	0	0	0	0
217442.522990	bro	64	166	19923	-	-	-	374	369	1	0	5	1	0	99	697	40	2	0	0	1	0	0	0	0
217746.555123	bro	64	227	26324	-	-	-	445	451	0	0	44	4	2	145	698	74	2	0	0	1	0	0	0	0
218046.923052	bro	64	154	11068	-	-	-	339	337	0	0	4	3	0	97	671	33	0	0	0	1	0	0	0	0
218347.793235	bro	64	192	28449	-	-	-	346	347	0	0	5	2	0	101	602	35	2	0	0	1	0	0	0	0
218659.596108	bro	64	230	34869	-	-	-	452	457	0	0	40	2	0	138	709	70	4	0	0	1	0	0	0	0
218960.635572	bro	64	537	51490	-	-	-	433	424	0	0	5	4	1	124	792	38	1	0	0	1	0	0	0	0
219260.865322	bro	64	216	31310	-	-	-	415	416	1	0	33	2	0	128	658	70	3	0	0	1	0	0	0	0
219562.451900	bro	64	178	13300	-	-	-	339	339	0	0	52	3	2	115	585	83	0	0	0	1	0	0	0	0
219869.687294	bro	64	159	21112	-	-	-	398	399	0	0	4	1	2	100	528	36	2	0	0	1	0	0	0	0
220179.497709	bro	64	216	23396	-	-	-	412	409	0	0	42	4	0	139	647	76	1	0	0	1	0	0	0	0
220486.530486	bro	64	185	28776	-	-	-	392	398	1	0	3	2	0	100	556	35	3	0	0	1	0	0	0	0
220789.832428	bro	64	196	15290	-	-	-	409	410	0	0	44	3	2	146	665	72	0	0	0	1	0	0	0	0
221091.142514	bro	64	152	19776	-	-	-	374	367	0	0	4	1	0	97	500	37	2	0	0	1	0	0	0	0
221391.652208	bro	64	199	22268	-	-	-	384	389	0	0	35	4	0	130	609	66	1	0	0	1	0	0	0	0
221696.152597	bro	64	191	29198	-	-	-	379	378	1	0	38	2	0	106	593	75	3	0	0	1	0	0	0	0
221998.954772	bro	64	163	12320	-	-	-	365	371	0	0	5	3	2	110	700	33	0	0	0	1	0	0	0	0
222310.402163	bro	64	197	24444	-	-	-	420	413	0	0	44	1	0	139	733	78	2	0	0	1	0	0	0	0
222610.737142	bro	64	174	19742	-	-	-	368	368	0	0	4	4	0	99	628	35	1	0	0	1	0	0	0	0
222917.435988	bro	64	217	31748	-	-	-	434	433	1	0	42	2	0	137	646	78	3	0	0	1	0	0	0	0
223223.389839	bro	64	159	11994	-	-	-	367	369	0	0	4	3	2	106	624	33	0	0	0	1	0	0	0	0
223523.440474	bro	64	189	23672	-	-	-	407	406	0	0	30	1	2	127	557	64	2	0	0	1	0	0	0	0
223827.988167	bro	64	193	21104	-	-	-	349	351	0	0	44	4	0	111	662	73	1	0	0	1	0	0	0	0
224130.961577	bro	64	190	28942	-	-	-	398	399	0	0	3	2	0	99	599	31	3	0	0	1	0	0	0	0
224435.598320	bro	64	217	25294	-	-	-	421	419	0	0	45	4	0	138	693	74	2	0	0	1	0	0	0	0
224736.239830	bro	64	198	28813	-	-	-	390	388	0	0	4	2	0	101	604	37	2	0	0	1	0	0	0	0
225036.372912	bro	64	199	22763	-	-	-	401	403	1	0	42	1	0	135	623	73	2	0	0	1	0	0	0	0
225339.827441	bro	64	188	23100	-	-	-	392	402	0	0	14	4	2	106	644	48	2	0	0	1	0	0	0	0
225642.911170	bro	64	181	20608	-	-	-	352	342	0	0	2	4	0	100	653	33	1	0	0	1	0	0	0	0
225953.034892	bro	64	220	31868	-	-	-	435	435	1	0	44	2	0	139	615	77	3	0	0	1	0	0	0	0
226253.644115	bro	64	153	11492	-	-	-	358	355	0	2	8	2	2	103	633	45	0	0	0	1	0	0	0	0
226556.877276	bro	64	194	24444	-	-	-	421	424	0	0	42	2	0	140	609	73	2	0	0	1	0	0	0	0
226857.950455	bro	64	173	19762	-	-	-	371	368	0	0	4	4	0	100	561	37	1	0	0	1	0	0	0	0
227158.470773	bro	64	204	30764	-	-	-	412	418	1	0	25	2	2	122	631	57	3	0	0	1	0	0	0	0
227462.924091	bro	64	179	13558	-	-	-	376	371	0	0	44	3	2	125	652	76	0	0	0	1	0	0	0	0
227771.023224	bro	64	152	19304	-	-	-	370	369	0	0	5	1	0	99	545	38	2	0	0	1	0	0	0	0
228072.866257	bro	64	216	23484	-	-	-	411	413	0	0	45	4	0	141	622	76	1	0	0	1	0	0	0	0
228374.080012	bro	64	180	29838	-	-	-	398	399	0	0	2	2	0	98	597	31	3	0	0	1	0	0	0	0
228694.632571	bro	64	210	25200	-	-	-	422	424	0	0	43	4	0	140	647	73	2	0	0	1	0	0	0	0
229006.595892	bro	64	188	28419	-	-	-	392	388	0	0	4	2	0	102	581	38	2	0	0	1	0	0	0	0
229309.839536	bro	64	191	22515	-	-	-	406	408	1	0	42	1	0	137	601	74	2	0	0	1	0	0	0	0
229619.190366	bro	64	157	11910	-	-	-	370	369	0	0	4	3	2	106	609	34	0	0	0	1	0	0	0	0
229919.302593	bro	64	186	20729	-	-	-	383	385	0	0	26	4	0	121	603	56	2	0	0	1	0	0	0	0
230220.608583	bro	64	206	29759	-	-	-	383	382	0	0	43	2	0	117	593	74	2	0	0	1	0	0	0	0
230526.334492	bro	64	152	19383	-	-	-	380	383	1	0	4	1	2	98	657	34	2	0	0	1	0	0	0	0
230827.077989	bro	64	187	14886	-	-	-	416	411	0	0	42	3	2	145	611	74	0	0	0	1	0	0	0	0
231137.496836	bro	64	164	20672	-	-	-	379	382	0	0	5	4	0	100	580	33	2	0	0	1	0	0	0	0
231454.267413	bro	64	221	31557	-	-	-	431	428	0	0	45	2	0	141	597	78	2	0	0	1	0	0	0	0
231758.915762	bro	64	140	18725	-	-	-	364	367	1	0	3	1	0	97	476	33	2	0	0	1	0	0	0	0
232081.457036	bro	64	188	14816	-	-	-	407	411	0	0	41	3	2	145	561	69	0	0	0	1	0	0	0	0
232393.489037	bro	64	161	21408	-	-	-	385	383	0	0	4	4	0	101	511	32	2	0	0	1	0	0	0	0
232705.177998	bro	64	228	32077	-	-	-	435	431	0	0	46	2	0	144	673	80	2	0	0	1	0	0	0	0
233012.884501	bro	64	147	18837	-	-	-	366	367	1	0	2	1	0	95	556	33	2	0	0	1	0	0	0	0
233313.159099	bro	64	364	30204	-	-	-	417	420	0	1	31	3	5	147	712	60	0	0	0	1	0	0	0	0
233629.201242	bro	64	360	39106	-	-	-	349	344	0	0	2	4	2	90	713	35	2	0	0	1	0	0	0	0
233933.843375	bro	64	435	50229	-	-	-	434	439	0	0	5	2	6	122	720	34	2	0	0	1	0	0	0	0
234235.818916	bro	64	236	26525	-	-	-	369	362	1	0	5	1	3	104	688	40	2	0	0	1	0	0	0	0
234541.621450	bro	64	205	15624	-	-	-	405	409	0	0	44	3	2	145	650	73	0	0	0	1	0	0	0	0
234845.288955	bro	64	183	22150	-	-	-	386	384	0	0	4	4	0	99	632	35	2	0	0	1	0	0	0	0
235148.832427	bro	64	237	32229	-	-	-	425	427	0	0	44	2	0	141	641	75	2	0	0	1	0	0	0	0
235448.971743	bro	64	158	19325	-	-	-	364	363	1	0	4	1	0	96	635	37	2	0	0	1	0	0	0	0
235749.304881	bro	64	200	15236	-	-	-	393	393	0	0	38	3	2	138	717	70	0	0	0	1	0	0	0	0
236055.934884	bro	64	179	22228	-	-	-	353	367	0	0	33	4	0	105	608	61	2	0	0	1	0	0	0	0
236378.368286	bro	64	279	35935	-	-	-	411	401	0	0	4	2	1	110	700	33	2	0	0	1	0	0	0	0
236689.936576	bro	64	206	24817	-	-	-	412	411	0	0	44	1	0	139	682	73	2	0	0	1	0	0	0	0
236996.528189	bro	64	179	21938	-	-	-	384	382	0	0	4	4	0	98	581	33	2	0	0	1	0	0	0	0
237311.910820	bro	64	234	32015	-	-	-	424	423	0	0	44	2	0	139	618	77	2	0	0	1	0	0	0	0
237614.685621	bro	64	163	19709	-	-	-	367	366	1	0	3	1	0	97	588	37	2	0	0	1	0	0	0	0
237920.596808	bro	64	197	14718	-	-	-	399	398	0	0	43	3	2	140	697	76	0	0	0	1	0	0	0	0
238227.919271	bro	64	276	30102	-	-	-	440	444	0	2	52	4	2	137	629	83	2	0	0	1	0	0	0	0
238533.925208	bro	64	202	28981	-	-	-	400	397	0	0	4	2	0	101	621	35	2	0	0	1	0	0	0	0
238834.333346	bro	64	159	19655	-	-	-	333	334	0	0	6	1	0	100	600	39	2	0	0	1	0	0	0	0
239142.087212	bro	64	229	24822	-	-	-	446	444	0	0	44	4	2	142	696	78	2	0	0	1	0	0	0	0
239454.421541	bro	64	181	20192	-	-	-	363	369	0	0	3	4	0	100	577	32	1	0	0	1	0	0	0	0
239757.271548	bro	64	234	32656	-	-	-	440	439	1	0	46	2	0	141	646	78	3	0	0	1	0	0	0	0
240058.233946	bro	64	164	12274	-	-	-	375	369	0	0	11	3	2	108	709	44	0	0	0	1	0	0	0	0
240360.310746	bro	64	198	24282	-	-	-	410	413	0	1	41	1	1	134	629	77	2	0	0	1	0	0	0	0
240672.683872	bro	64	532	50918	-	-	-	310	311	0	0	3	4	0	86	721	34	1	0	0	1	0	0	0	0
240976.707524	bro	64	228	32254	-	-	-	433	434	1	0	42	2	0	138	664	75	3	0	0	1	0	0	0	0
241277.312259	bro	64	167	12174	-	-	-	365	360	0	0	11	3	2	105	633	44	0	0	0	1	0	0	0	0
241579.133047	bro	64	198	24666	-	-	-	439	440	0	0	44	1	2	141	689	79	2	0	0	1	0	0	0	0
241889.864465	bro	64	170	19704	-	-	-	345	370	0	0	2	4	0	99	601	32	1	0	0	1	0	0	0	0
242190.098835	bro	64	180	28654	-	-	-	381	360	1	0	7	2	0	102	586	41	3	0	0	1	0	0	0	0
242490.196116	bro	64	257	25629	-	-	-	479	479	0	4	43	3	11	142	747	75	0	0	0	1	0	0	0	0
242790.273099	bro	64	199	28323	-	-	-	460	460	0	3	4	1	9	99	665	37	2	0	0	1	0	0	0	0
243090.364629	bro	64	283	33917	-	-	-	530	528	0	3	42	4	10	137	697	76	1	0	0	1	0	0	0	0
243390.424182	bro	64	268	40375	-	-	-	642	642	0	4	4	2	15	100	713	40	3	0	0	1	0	0	0	0
243690.562742	bro	64	204	28383	-	-	-	464	462	0	3	2	1	7	99	667	39	2	0	0	1	0	0	0	0
243990.721095	bro	64	256	30344	-	-	-	459	461	0	3	44	4	7	139	709	78	1	0	0	1	0	0	0	0
244290.847724	bro	64	225	35146	-	-	-	457	460	1	3	4	2	7	100	647	38	3	0	0	1	0	0	0	0
244591.077502	bro	64	245	22330	-	-	-	496	490	0	3	50	3	9	142	713	86	0	0	0	1	0	0	0	0
244891.319713	bro	64	205	28081	-	-	-	469	474	0	4	10	1	9	98	708	46	2	0	0	1	0	0	0	0
245191.543098	bro	64	227	27439	-	-	-	450	450	0	3	3	4	9	102	753	34	1	0	0	1	0	0	0	0
245491.741473	bro	64	294	41057	-	-	-	595	592	1	4	43	2	9	139	756	80	3	0	0	1	0	0	0	0
245791.841876	bro	64	214	19622	-	-	-	489	489	0	3	6	3	8	107	766	40	0	0	0	1	0	0	0	0
246091.962298	bro	64	246	31925	-	-	-	482	482	0	4	42	1	8	136	750	79	2	0	0	1	0	0	0	0
246392.126662	bro	64	215	26194	-	-	-	398	400	0	3	31	4	6	99	693	65	1	0	0	1	0	0	0	0
246692.207899	bro	64	248	36799	-	-	-	516	513	1	3	4	2	9	98	750	43	3	0	0	1	0	0	0	0
246992.371944	bro	64	260	23714	-	-	-	509	510	0	3	51	3	13	146	775	85	0	0	0	1	0	0	0	0
247292.476215	bro	64	216	28716	-	-	-	498	497	0	3	4	1	11	98	765	41	2	0	0	1	0	0	0	0
247592.639561	bro	64	260	29874	-	-	-	451	456	0	3	45	4	6	141	731	76	1	0	0	1	0	0	0	0
247892.753995	bro	64	235	37714	-	-	-	467	465	0	6	44	2	9	96	673	81	3	0	0	1	0	0	0	0
248192.854431	bro	64	219	27446	-	-	-	471	470	0	3	5	4	8	99	724	38	2	0	0	1	0	0	0	0
248493.021530	bro	64	269	37933	-	-	-	471	469	0	3	42	2	6	138	778	78	2	0	0	1	0	0	0	0
248793.116203	bro	64	198	25957	-	-	-	435	435	1	3	4	1	8	101	688	41	2	0	0	1	0	0	0	0
249093.195053	bro	64	210	19412	-	-	-	408	412	0	3	23	3	8	123	763	54	0	0	0	1	0	0	0	0
249393.280265	bro	64	234	31114	-	-	-	503	503	0	5	43	4	11	118	747	78	2	0	0	1	0	0	0	0
249693.305737	bro	64	224	34371	-	-	-	429	429	0	5	5	2	6	100	689	41	2	0	0	1	0	0	0	0
249993.482246	bro	64	230	29025	-	-	-	468	466	1	4	45	1	6	139	747	82	2	0	0	1	0	0	0	0
250293.648836	bro	64	193	17764	-	-	-	421	421	0	5	3	3	9	102	705	40	0	0	0	1	0	0	0	0
250593.816032	bro	64	217	27396	-	-	-	440	442	0	5	4	4	9	100	701	39	2	0	0	1	0	0	0	0
250894.043610	bro	64	274	38447	-	-	-	500	497	0	3	45	2	6	143	787	81	2	0	0	1	0	0	0	0
251194.044745	bro	64	203	26507	-	-	-	477	476	1	4	4	1	10	95	706	42	2	0	0	1	0	0	0	0
251494.298839	bro	64	239	22024	-	-	-	489	491	0	5	44	3	12	145	753	81	0	0	0	1	0	0	0	0
251794.368253	bro	64	209	26737	-	-	-	443	443	0	3	5	4	4	101	718	38	2	0	0	1	0	0	0	0
252094.492262	bro	64	224	34551	-	-	-	406	406	0	3	4	2	7	100	692	38	2	0	0	1	0	0	0	0
252394.607737	bro	64	235	29249	-	-	-	492	494	1	3	42	1	10	138	775	75	2	0	0	1	0	0	0	0
252694.830811	bro	64	199	18122	-	-	-	413	413	0	3	3	3	8	105	731	35	0	0	0	1	0	0	0	0
252994.945996	bro	64	250	31547	-	-	-	470	469	0	3	42	4	7	136	757	74	2	0	0	1	0	0	0	0
253295.125516	bro	64	248	36158	-	-	-	476	473	0	3	16	2	8	101	748	52	2	0	0	1	0	0	0	0
253595.205373	bro	64	195	25647	-	-	-	394	394	1	3	2	1	7	97	701	39	2	0	0	1	0	0	0	0
253895.518812	bro	64	244	22159	-	-	-	470	473	0	3	45	3	9	146	775	77	0	0	0	1	0	0	0	0
254195.777455	bro	64	228	29186	-	-	-	471	469	0	4	5	4	8	100	705	41	2	0	0	1	0	0	0	0
254495.799495	bro	64	276	38616	-	-	-	504	503	0	4	44	2	9	138	759	82	2	0	0	1	0	0	0	0
254795.808364	bro	64	296	34479	-	-	-	396	397	1	4	51	1	7	107	743	88	2	0	0	1	0	0	0	0
255096.130097	bro	64	437	39712	-	-	-	418	419	0	3	2	3	15	84	868	35	0	0	0	1	0	0	0	0
255396.277185	bro	64	540	57274	-	-	-	593	590	0	3	5	4	21	120	931	41	2	0	0	1	0	0	0	0
255696.506517	bro	64	313	41699	-	-	-	424	425	0	3	5	2	8	105	765	41	2	0	0	1	0	0	0	0
255996.537538	bro	64	239	29681	-	-	-	513	515	1	3	41	1	12	138	755	76	2	0	0	1	0	0	0	0
256296.601515	bro	64	219	19791	-	-	-	465	465	0	3	4	3	11	106	760	37	0	0	0	1	0	0	0	0
256596.668773	bro	64	227	30227	-	-	-	466	463	0	3	5	4	11	100	709	41	2	0	0	1	0	0	0	0
256896.680498	bro	64	277	38551	-	-	-	498	501	0	3	42	2	8	137	726	76	2	0	0	1	0	0	0	0
257196.763670	bro	64	207	26695	-	-	-	459	461	1	4	4	1	10	99	716	39	2	0	0	1	0	0	0	0
257498.799210	bro	64	247	22060	-	-	-	467	467	0	3	43	3	8	145	764	75	0	0	0	1	0	0	0	0
257806.016871	bro	64	232	29286	-	-	-	497	506	0	3	5	4	7	99	750	38	2	0	0	1	0	0	0	0
258106.597315	bro	64	307	40845	-	-	-	414	409	0	4	4	2	6	108	763	39	2	0	0	1	0	0	0	0
258406.977858	bro	64	464	39393	-	-	-	433	426	1	0	44	1	1	138	875	78	2	0	0	1	0	0	0	0
258707.765372	bro	64	459	29894	-	-	-	366	366	0	0	4	3	2	103	852	35	0	0	0	1	0	0	0	0
259007.851714	bro	64	485	40574	-	-	-	396	396	0	0	33	4	0	127	850	64	2	0	0	1	0	0	0	0
#close	2018-04-03-20-55-24
